No files changed, compilation skipped

Ran 4 tests for test/math/launchLiquidityBestNeighbor.t.sol:LaunchLiquidityBestNeighborTest
[FAIL: nonzero swap without capacity gain; counterexample: calldata=0x9468345300000000000000000000000000000000000000000000000000057b08d957f1f3000000000000000000000000000000000000000000000000000000000000002e000000000000000000000000000000000000000000000000000000000000000100000000000000000000000000000000000000000000000000000000004ad7e20000000000000000000000000000000000000000000000000000009b0a4916f1fffffffffffffffffffffffffffffffffffffffffffffffffffffffffffffadf00000000000000000000000000000000000000000000000000000000000000000000000000000000000000000000000000000000000000000000000000000000 args=[1542652819927539 [1.542e15], 46, true, 4904930 [4.904e6], 665892493041 [6.658e11], -1313, false, 0]] testFuzz_eku648_noWastedSwapRealistic(uint128,uint64,bool,uint128,uint64,int32,bool,uint8) (runs: 4, μ: 331560, ~: 332140)
Logs:
  Bound result 1542652819927539
  Bound result 46
  Bound result 4904930
  Bound result 665892493041
  Bound result -1313
  wasted swap amount 1

[FAIL: nonzero swap without capacity gain; counterexample: calldata=0x7f81129200000000000000000000000000000000000000000000000000000000000000070000000000000000000000000000000000000000000000000000000000000005000000000000000000000000000000000000000000000000000000000000000700000000000000000000000000000000000000000000000000000000000001e50000000000000000000000000000000000000000000000000000000000004a7a args=[7, 5, 7, 485, 19066 [1.906e4]]] testFuzz_eku648_noWastedSwapSmall(uint128,uint128,uint128,uint64,int32) (runs: 4, μ: 74027, ~: 73080)
Logs:
  Bound result 7
  Bound result 5
  Bound result 99908
  Bound result 485
  Bound result 19066

[PASS] testFuzz_eku648_wastedSwapIsDust(uint128,uint64,bool,uint128,uint64,int32,bool,uint8) (runs: 100000, μ: 362183, ~: 312836)
Logs:
  Bound result 999999999999999999999999013014
  Bound result 38
  Bound result 999999999999999999999999000257
  Bound result 8191
  Bound result 8724

[PASS] test_eku648_wastedSwapSweep() (gas: 242001745)
Logs:
  grid cases 5292
  wasted nonzero swaps 404
  largest wasted input (raw units) 2
    at a0 0
    at a1 3

Suite result: FAILED. 2 passed; 2 failed; 0 skipped; finished in 10.48s (31.91s CPU time)

Ran 1 test suite in 10.48s (10.48s CPU time): 2 tests passed, 2 failed, 0 skipped (4 total tests)

Failing tests:
Encountered 2 failing tests in test/math/launchLiquidityBestNeighbor.t.sol:LaunchLiquidityBestNeighborTest
[FAIL: nonzero swap without capacity gain; counterexample: calldata=0x9468345300000000000000000000000000000000000000000000000000057b08d957f1f3000000000000000000000000000000000000000000000000000000000000002e000000000000000000000000000000000000000000000000000000000000000100000000000000000000000000000000000000000000000000000000004ad7e20000000000000000000000000000000000000000000000000000009b0a4916f1fffffffffffffffffffffffffffffffffffffffffffffffffffffffffffffadf00000000000000000000000000000000000000000000000000000000000000000000000000000000000000000000000000000000000000000000000000000000 args=[1542652819927539 [1.542e15], 46, true, 4904930 [4.904e6], 665892493041 [6.658e11], -1313, false, 0]] testFuzz_eku648_noWastedSwapRealistic(uint128,uint64,bool,uint128,uint64,int32,bool,uint8) (runs: 4, μ: 331560, ~: 332140)
[FAIL: nonzero swap without capacity gain; counterexample: calldata=0x7f81129200000000000000000000000000000000000000000000000000000000000000070000000000000000000000000000000000000000000000000000000000000005000000000000000000000000000000000000000000000000000000000000000700000000000000000000000000000000000000000000000000000000000001e50000000000000000000000000000000000000000000000000000000000004a7a args=[7, 5, 7, 485, 19066 [1.906e4]]] testFuzz_eku648_noWastedSwapSmall(uint128,uint128,uint128,uint64,int32) (runs: 4, μ: 74027, ~: 73080)

Encountered a total of 2 failing tests, 2 tests succeeded

Tip: Run `forge test --rerun` to retry only the 2 failed tests
Tip: Run `forge test --debug --match-test <TEST_NAME>` to inspect one failing test in the debugger

Fuzz seed: 0x7fefe050cd0de7fdfe30af7e1a4b95493572f3ade3b5dbabf857e65d6720f99a (use `--fuzz-seed` to reproduce)
