No files changed, compilation skipped

Ran 10 tests for test/extensions/ScheduledLaunchTwammBounds.t.sol:ScheduledLaunchTwammBoundsTest
[PASS] test_eku648_control_noOrder() (gas: 19957062)
Logs:
  ==== case launch=token0 fund=token0 flow=none
    bounds lower(fixed) 339942254808472447293471296713251618816
    bounds upper(fixed) 340622819315459475263092339542314713088
    bounds ticks +/- 2000
   pre
    block.timestamp 1400
    twamm lastVirtualOrderExecution 1100
    sqrtRatio(fixed) 340282366920938463463374607431768211456
    tick 0
    pool liquidity 1000000000000000000054211
    own position liquidity 1000000000000000000054211
    principal reserve0 1000000000000000000000
    principal reserve1 0
    creator fee ledger0 0
    creator fee ledger1 0
    uncollected position fee0 0
    uncollected position fee1 0
   virtual-execution-only tick (counterfactual) 0
   virtual-execution-only in bounds true
   post
    block.timestamp 1400
    twamm lastVirtualOrderExecution 1400
    sqrtRatio(fixed) 340112353237120312215816012152061296640
    tick -1000
    pool liquidity 1000499875062460964877495
    own position liquidity 1000499875062460964877495
    principal reserve0 1
    principal reserve1 0
    creator fee ledger0 0
    creator fee ledger1 0
    uncollected position fee0 0
    uncollected position fee1 0
   outcome DEPOSITED_IN_BOUNDS
   incremental value delta @pre price (token1 units, + gain / - loss) -249875078070353487
  ==== case launch=token1 fund=token0 flow=none
    bounds lower(fixed) 339942254808472447293471296713251618816
    bounds upper(fixed) 340622819315459475263092339542314713088
    bounds ticks +/- 2000
   pre
    block.timestamp 1400
    twamm lastVirtualOrderExecution 1100
    sqrtRatio(fixed) 340282366920938463463374607431768211456
    tick 0
    pool liquidity 1000000000000000000054211
    own position liquidity 1000000000000000000054211
    principal reserve0 1000000000000000000000
    principal reserve1 0
    creator fee ledger0 0
    creator fee ledger1 0
    uncollected position fee0 0
    uncollected position fee1 0
   virtual-execution-only tick (counterfactual) 0
   virtual-execution-only in bounds true
   post
    block.timestamp 1400
    twamm lastVirtualOrderExecution 1400
    sqrtRatio(fixed) 340112353237120312215816012152061296640
    tick -1000
    pool liquidity 1000499875062460964877495
    own position liquidity 1000499875062460964877495
    principal reserve0 1
    principal reserve1 0
    creator fee ledger0 0
    creator fee ledger1 0
    uncollected position fee0 0
    uncollected position fee1 0
   outcome DEPOSITED_IN_BOUNDS
   incremental value delta @pre price (token1 units, + gain / - loss) -249875078070353487
  ==== case launch=token0 fund=token1 flow=none
    bounds lower(fixed) 339942254808472447293471296713251618816
    bounds upper(fixed) 340622819315459475263092339542314713088
    bounds ticks +/- 2000
   pre
    block.timestamp 1400
    twamm lastVirtualOrderExecution 1100
    sqrtRatio(fixed) 340282366920938463463374607431768211456
    tick 0
    pool liquidity 1000000000000000000054211
    own position liquidity 1000000000000000000054211
    principal reserve0 0
    principal reserve1 1000000000000000000000
    creator fee ledger0 0
    creator fee ledger1 0
    uncollected position fee0 0
    uncollected position fee1 0
   virtual-execution-only tick (counterfactual) 0
   virtual-execution-only in bounds true
   post
    block.timestamp 1400
    twamm lastVirtualOrderExecution 1400
    sqrtRatio(fixed) 340452465590357432550053694616991956992
    tick 999
    pool liquidity 1000499875062460964812722
    own position liquidity 1000499875062460964812722
    principal reserve0 129481
    principal reserve1 0
    creator fee ledger0 0
    creator fee ledger1 0
    uncollected position fee0 0
    uncollected position fee1 0
   outcome DEPOSITED_IN_BOUNDS
   incremental value delta @pre price (token1 units, + gain / - loss) -249875078070353553
  ==== case launch=token1 fund=token1 flow=none
    bounds lower(fixed) 339942254808472447293471296713251618816
    bounds upper(fixed) 340622819315459475263092339542314713088
    bounds ticks +/- 2000
   pre
    block.timestamp 1400
    twamm lastVirtualOrderExecution 1100
    sqrtRatio(fixed) 340282366920938463463374607431768211456
    tick 0
    pool liquidity 1000000000000000000054211
    own position liquidity 1000000000000000000054211
    principal reserve0 0
    principal reserve1 1000000000000000000000
    creator fee ledger0 0
    creator fee ledger1 0
    uncollected position fee0 0
    uncollected position fee1 0
   virtual-execution-only tick (counterfactual) 0
   virtual-execution-only in bounds true
   post
    block.timestamp 1400
    twamm lastVirtualOrderExecution 1400
    sqrtRatio(fixed) 340452465590357432550053694616991956992
    tick 999
    pool liquidity 1000499875062460964812722
    own position liquidity 1000499875062460964812722
    principal reserve0 129481
    principal reserve1 0
    creator fee ledger0 0
    creator fee ledger1 0
    uncollected position fee0 0
    uncollected position fee1 0
   outcome DEPOSITED_IN_BOUNDS
   incremental value delta @pre price (token1 units, + gain / - loss) -249875078070353553
  ==== case launch=token0 fund=balanced flow=none
    bounds lower(fixed) 339942254808472447293471296713251618816
    bounds upper(fixed) 340622819315459475263092339542314713088
    bounds ticks +/- 2000
   pre
    block.timestamp 1400
    twamm lastVirtualOrderExecution 1100
    sqrtRatio(fixed) 340282366920938463463374607431768211456
    tick 0
    pool liquidity 1000000000000000000054211
    own position liquidity 1000000000000000000054211
    principal reserve0 999999999999999999946
    principal reserve1 999999999999999999946
    creator fee ledger0 0
    creator fee ledger1 0
    uncollected position fee0 0
    uncollected position fee1 0
   virtual-execution-only tick (counterfactual) 0
   virtual-execution-only in bounds true
   post
    block.timestamp 1400
    twamm lastVirtualOrderExecution 1400
    sqrtRatio(fixed) 340282366920938463463374607431768211456
    tick 0
    pool liquidity 1001000000000000000054211
    own position liquidity 1001000000000000000054211
    principal reserve0 0
    principal reserve1 0
    creator fee ledger0 0
    creator fee ledger1 0
    uncollected position fee0 0
    uncollected position fee1 0
   outcome DEPOSITED_IN_BOUNDS
   incremental value delta @pre price (token1 units, + gain / - loss) -2
  ==== case launch=token1 fund=balanced flow=none
    bounds lower(fixed) 339942254808472447293471296713251618816
    bounds upper(fixed) 340622819315459475263092339542314713088
    bounds ticks +/- 2000
   pre
    block.timestamp 1400
    twamm lastVirtualOrderExecution 1100
    sqrtRatio(fixed) 340282366920938463463374607431768211456
    tick 0
    pool liquidity 1000000000000000000054211
    own position liquidity 1000000000000000000054211
    principal reserve0 999999999999999999946
    principal reserve1 999999999999999999946
    creator fee ledger0 0
    creator fee ledger1 0
    uncollected position fee0 0
    uncollected position fee1 0
   virtual-execution-only tick (counterfactual) 0
   virtual-execution-only in bounds true
   post
    block.timestamp 1400
    twamm lastVirtualOrderExecution 1400
    sqrtRatio(fixed) 340282366920938463463374607431768211456
    tick 0
    pool liquidity 1001000000000000000054211
    own position liquidity 1001000000000000000054211
    principal reserve0 0
    principal reserve1 0
    creator fee ledger0 0
    creator fee ledger1 0
    uncollected position fee0 0
    uncollected position fee1 0
   outcome DEPOSITED_IN_BOUNDS
   incremental value delta @pre price (token1 units, + gain / - loss) -2

[PASS] test_eku648_economics_imbalancedPrincipal() (gas: 71277767)
Logs:
  ==== econ launch=token0
    saleRate 0
    attacker sells launch token
    attacker TWAMM tokens sold by migration (rate*96s/2^32) 0
    attacker LP liquidity 100000000000000000000000
    quoteAmount 1010000000000000000000000
    tick at deposit 2000
    deposit out of bounds false
    locked liquidity 1001100549632829267768616
    principal delta @P0 (after arbitrage back) -2111705263734340991
    creator fees @P0 10107067334512713157
    attacker P&L @P0 (conservation) -7995362070778372166
  ==== econ launch=token0
    saleRate 1000000000000000000000000000000
    attacker sells launch token
    attacker TWAMM tokens sold by migration (rate*96s/2^32) 22351741790771484375000
    attacker LP liquidity 100000000000000000000000
    quoteAmount 1010000000000000000000000
    tick at deposit 2000
    deposit out of bounds false
    locked liquidity 990605974267809429512248
    principal delta @P0 (after arbitrage back) 3824258948918510194475
    creator fees @P0 10001114560937394875
    attacker P&L @P0 (conservation) -3834260063479447589350
  ==== econ launch=token0
    saleRate 4000000000000000000000000000000
    attacker sells launch token
    attacker TWAMM tokens sold by migration (rate*96s/2^32) 89406967163085937500000
    attacker LP liquidity 100000000000000000000000
    quoteAmount 1010000000000000000000000
    tick at deposit 2000
    deposit out of bounds false
    locked liquidity 961509442811301867168193
    principal delta @P0 (after arbitrage back) 41083318637496982395395
    creator fees @P0 9707357252803313553
    attacker P&L @P0 (conservation) -41093025994749785708948
  ==== econ launch=token0
    saleRate 16000000000000000000000000000000
    attacker sells launch token
    attacker TWAMM tokens sold by migration (rate*96s/2^32) 357627868652343750000000
    attacker LP liquidity 100000000000000000000000
    quoteAmount 1010000000000000000000000
    tick at deposit 2000
    deposit out of bounds false
    locked liquidity 930204562038084515445660
    principal delta @P0 (after arbitrage back) 275285841120732643644065
    creator fees @P0 9391304546619258929
    attacker P&L @P0 (conservation) -275295232425279262902994
  ==== econ launch=token0
    saleRate 0
    attacker sells launch token
    attacker TWAMM tokens sold by migration (rate*96s/2^32) 0
    attacker LP liquidity 1000000000000000000000000
    quoteAmount 1010000000000000000000000
    tick at deposit 2000
    deposit out of bounds false
    locked liquidity 1002000999332416850443994
    principal delta @P0 (after arbitrage back) -12108056398594877779
    creator fees @P0 10116158235270295755
    attacker P&L @P0 (conservation) 1991898163324582024
  ==== econ launch=token0
    saleRate 1000000000000000000000000000000
    attacker sells launch token
    attacker TWAMM tokens sold by migration (rate*96s/2^32) 22351741790771484375000
    attacker LP liquidity 1000000000000000000000000
    quoteAmount 1010000000000000000000000
    tick at deposit 2000
    deposit out of bounds false
    locked liquidity 986134921411335790295100
    principal delta @P0 (after arbitrage back) 248286977015708885574
    creator fees @P0 9955975006980383864
    attacker P&L @P0 (conservation) -258242952022689269438
  ==== econ launch=token0
    saleRate 4000000000000000000000000000000
    attacker sells launch token
    attacker TWAMM tokens sold by migration (rate*96s/2^32) 89406967163085937500000
    attacker LP liquidity 1000000000000000000000000
    quoteAmount 1010000000000000000000000
    tick at deposit 2000
    deposit out of bounds false
    locked liquidity 925926204495290201284150
    principal delta @P0 (after arbitrage back) 6364064587045812063873
    creator fees @P0 9348110436115571659
    attacker P&L @P0 (conservation) -6373412697481927635532
  ==== econ launch=token0
    saleRate 16000000000000000000000000000000
    attacker sells launch token
    attacker TWAMM tokens sold by migration (rate*96s/2^32) 357627868652343750000000
    attacker LP liquidity 1000000000000000000000000
    quoteAmount 1010000000000000000000000
    tick at deposit 2000
    deposit out of bounds false
    locked liquidity 744128023778351534573923
    principal delta @P0 (after arbitrage back) 89922869123361852386138
    creator fees @P0 7512683960251658987
    attacker P&L @P0 (conservation) -89930381807322104045125
  ==== econ launch=token1
    saleRate 0
    attacker sells launch token
    attacker TWAMM tokens sold by migration (rate*96s/2^32) 0
    attacker LP liquidity 100000000000000000000000
    quoteAmount 1010000000000000000000000
    tick at deposit -2000
    deposit out of bounds false
    locked liquidity 1001100549632829267968375
    principal delta @P0 (after arbitrage back) -2111705263734341573
    creator fees @P0 10107067334512714992
    attacker P&L @P0 (conservation) -7995362070778373419
  ==== econ launch=token1
    saleRate 1000000000000000000000000000000
    attacker sells launch token
    attacker TWAMM tokens sold by migration (rate*96s/2^32) 22351741790771484375000
    attacker LP liquidity 100000000000000000000000
    quoteAmount 1010000000000000000000000
    tick at deposit -2000
    deposit out of bounds false
    locked liquidity 990605974267809429314341
    principal delta @P0 (after arbitrage back) 3824258948918510193834
    creator fees @P0 10001114560937396687
    attacker P&L @P0 (conservation) -3834260063479447590521
  ==== econ launch=token1
    saleRate 4000000000000000000000000000000
    attacker sells launch token
    attacker TWAMM tokens sold by migration (rate*96s/2^32) 89406967163085937500000
    attacker LP liquidity 100000000000000000000000
    quoteAmount 1010000000000000000000000
    tick at deposit -2000
    deposit out of bounds false
    locked liquidity 961509442811301866975654
    principal delta @P0 (after arbitrage back) 41083318637496982394272
    creator fees @P0 9707357252803315311
    attacker P&L @P0 (conservation) -41093025994749785709583
  ==== econ launch=token1
    saleRate 16000000000000000000000000000000
    attacker sells launch token
    attacker TWAMM tokens sold by migration (rate*96s/2^32) 357627868652343750000000
    attacker LP liquidity 100000000000000000000000
    quoteAmount 1010000000000000000000000
    tick at deposit -2000
    deposit out of bounds false
    locked liquidity 930204562038084515258730
    principal delta @P0 (after arbitrage back) 275285841120732643640557
    creator fees @P0 9391304546619260630
    attacker P&L @P0 (conservation) -275295232425279262901187
  ==== econ launch=token1
    saleRate 0
    attacker sells launch token
    attacker TWAMM tokens sold by migration (rate*96s/2^32) 0
    attacker LP liquidity 1000000000000000000000000
    quoteAmount 1010000000000000000000000
    tick at deposit -2000
    deposit out of bounds false
    locked liquidity 1002000999332416850807193
    principal delta @P0 (after arbitrage back) -12108056398594880339
    creator fees @P0 10116158235270297593
    attacker P&L @P0 (conservation) 1991898163324582746
  ==== econ launch=token1
    saleRate 1000000000000000000000000000000
    attacker sells launch token
    attacker TWAMM tokens sold by migration (rate*96s/2^32) 22351741790771484375000
    attacker LP liquidity 1000000000000000000000000
    quoteAmount 1010000000000000000000000
    tick at deposit -2000
    deposit out of bounds false
    locked liquidity 986134921411335789933134
    principal delta @P0 (after arbitrage back) 248286977015708883014
    creator fees @P0 9955975006980385666
    attacker P&L @P0 (conservation) -258242952022689268680
  ==== econ launch=token1
    saleRate 4000000000000000000000000000000
    attacker sells launch token
    attacker TWAMM tokens sold by migration (rate*96s/2^32) 89406967163085937500000
    attacker LP liquidity 1000000000000000000000000
    quoteAmount 1010000000000000000000000
    tick at deposit -2000
    deposit out of bounds false
    locked liquidity 925926204495290200933582
    principal delta @P0 (after arbitrage back) 6364064587045812061228
    creator fees @P0 9348110436115573351
    attacker P&L @P0 (conservation) -6373412697481927634579
  ==== econ launch=token1
    saleRate 16000000000000000000000000000000
    attacker sells launch token
    attacker TWAMM tokens sold by migration (rate*96s/2^32) 357627868652343750000000
    attacker LP liquidity 1000000000000000000000000
    quoteAmount 1010000000000000000000000
    tick at deposit -2000
    deposit out of bounds false
    locked liquidity 744128023778351534257382
    principal delta @P0 (after arbitrage back) 89922869123361852382280
    creator fees @P0 7512683960251660346
    attacker P&L @P0 (conservation) -89930381807322104042626

[PASS] test_eku648_economics_nearBalancedPrincipal() (gas: 64685468)
Logs:
  ==== econ launch=token0
    saleRate 0
    attacker sells launch token
    attacker TWAMM tokens sold by migration (rate*96s/2^32) 0
    attacker LP liquidity 100000000000000000000000
    quoteAmount 1000001000000000000000000
    tick at deposit 0
    deposit out of bounds false
    locked liquidity 1000000499770423463568709
    principal delta @P0 (after arbitrage back) -459153072759539
    creator fees @P0 4589260295409757
    attacker P&L @P0 (conservation) -4130107222650218
  ==== econ launch=token0
    saleRate 1000000000000000000000000000000
    attacker sells launch token
    attacker TWAMM tokens sold by migration (rate*96s/2^32) 22351741790771484375000
    attacker LP liquidity 100000000000000000000000
    quoteAmount 1000001000000000000000000
    tick at deposit -399802
    deposit out of bounds true
    locked liquidity 818812054112941004730572
    principal delta @P0 (after arbitrage back) -32829072193669538602303
    creator fees @P0 1498574945313033592025
    attacker P&L @P0 (conservation) 31330497248356505010278
  ==== econ launch=token0
    saleRate 4000000000000000000000000000000
    attacker sells launch token
    attacker TWAMM tokens sold by migration (rate*96s/2^32) 89406967163085937500000
    attacker LP liquidity 100000000000000000000000
    quoteAmount 1000001000000000000000000
    tick at deposit -1267992
    deposit out of bounds true
    locked liquidity 530468223261413097592985
    principal delta @P0 (after arbitrage back) -220460089826173976466943
    creator fees @P0 2515876088939533280602
    attacker P&L @P0 (conservation) 217944213737234443186341
  ==== econ launch=token0
    saleRate 16000000000000000000000000000000
    attacker sells launch token
    attacker TWAMM tokens sold by migration (rate*96s/2^32) 357627868652343750000000
    attacker LP liquidity 100000000000000000000000
    quoteAmount 1000001000000000000000000
    tick at deposit -3026079
    deposit out of bounds true
    locked liquidity 220239951075180927509825
    principal delta @P0 (after arbitrage back) -608025734358025959563556
    creator fees @P0 1734690509690848301183
    attacker P&L @P0 (conservation) 606291043848335111262373
  ==== econ launch=token0
    saleRate 0
    attacker sells launch token
    attacker TWAMM tokens sold by migration (rate*96s/2^32) 0
    attacker LP liquidity 1000000000000000000000000
    quoteAmount 1000001000000000000000000
    tick at deposit 0
    deposit out of bounds false
    locked liquidity 1000000498740492127130706
    principal delta @P0 (after arbitrage back) -2519015745420575
    creator fees @P0 2518892002517733
    attacker P&L @P0 (conservation) 123742902842
  ==== econ launch=token0
    saleRate 1000000000000000000000000000000
    attacker sells launch token
    attacker TWAMM tokens sold by migration (rate*96s/2^32) 22351741790771484375000
    attacker LP liquidity 1000000000000000000000000
    quoteAmount 1000001000000000000000000
    tick at deposit -43774
    deposit out of bounds true
    locked liquidity 978351337505155169842810
    principal delta @P0 (after arbitrage back) -468667106578545915220
    creator fees @P0 213941891690946691002
    attacker P&L @P0 (conservation) 254725214887599224218
  ==== econ launch=token0
    saleRate 4000000000000000000000000000000
    attacker sells launch token
    attacker TWAMM tokens sold by migration (rate*96s/2^32) 89406967163085937500000
    attacker LP liquidity 1000000000000000000000000
    quoteAmount 1000001000000000000000000
    tick at deposit -169625
    deposit out of bounds true
    locked liquidity 918685087899466739399719
    principal delta @P0 (after arbitrage back) -6612117448667453981456
    creator fees @P0 754576227686901461979
    attacker P&L @P0 (conservation) 5857541220980552519477
  ==== econ launch=token0
    saleRate 16000000000000000000000000000000
    attacker sells launch token
    attacker TWAMM tokens sold by migration (rate*96s/2^32) 357627868652343750000000
    attacker LP liquidity 1000000000000000000000000
    quoteAmount 1000001000000000000000000
    tick at deposit -606203
    deposit out of bounds true
    locked liquidity 738524885078213190991036
    principal delta @P0 (after arbitrage back) -68369238242054776390210
    creator fees @P0 1950566955241105763862
    attacker P&L @P0 (conservation) 66418671286813670626348
  ==== econ launch=token1
    saleRate 0
    attacker sells launch token
    attacker TWAMM tokens sold by migration (rate*96s/2^32) 0
    attacker LP liquidity 100000000000000000000000
    quoteAmount 1000001000000000000000000
    tick at deposit -1
    deposit out of bounds false
    locked liquidity 1000000499770423463674487
    principal delta @P0 (after arbitrage back) -459153072759441
    creator fees @P0 4589260295408787
    attacker P&L @P0 (conservation) -4130107222649346
  ==== econ launch=token1
    saleRate 1000000000000000000000000000000
    attacker sells launch token
    attacker TWAMM tokens sold by migration (rate*96s/2^32) 22351741790771484375000
    attacker LP liquidity 100000000000000000000000
    quoteAmount 1000001000000000000000000
    tick at deposit 399801
    deposit out of bounds true
    locked liquidity 818812054112941004496861
    principal delta @P0 (after arbitrage back) -32829072193669538698230
    creator fees @P0 1498574945313033593319
    attacker P&L @P0 (conservation) 31330497248356505104911
  ==== econ launch=token1
    saleRate 4000000000000000000000000000000
    attacker sells launch token
    attacker TWAMM tokens sold by migration (rate*96s/2^32) 89406967163085937500000
    attacker LP liquidity 100000000000000000000000
    quoteAmount 1000001000000000000000000
    tick at deposit 1267991
    deposit out of bounds true
    locked liquidity 530468223261413097427682
    principal delta @P0 (after arbitrage back) -220460089826173976626558
    creator fees @P0 2515876088939533280561
    attacker P&L @P0 (conservation) 217944213737234443345997
  ==== econ launch=token1
    saleRate 16000000000000000000000000000000
    attacker sells launch token
    attacker TWAMM tokens sold by migration (rate*96s/2^32) 357627868652343750000000
    attacker LP liquidity 100000000000000000000000
    quoteAmount 1000001000000000000000000
    tick at deposit 3026078
    deposit out of bounds true
    locked liquidity 220239951075180927358747
    principal delta @P0 (after arbitrage back) -608025734358025959799952
    creator fees @P0 1734690509690848300223
    attacker P&L @P0 (conservation) 606291043848335111499729
  ==== econ launch=token1
    saleRate 0
    attacker sells launch token
    attacker TWAMM tokens sold by migration (rate*96s/2^32) 0
    attacker LP liquidity 1000000000000000000000000
    quoteAmount 1000001000000000000000000
    tick at deposit -1
    deposit out of bounds false
    locked liquidity 1000000498740492127344461
    principal delta @P0 (after arbitrage back) -2519015745419500
    creator fees @P0 2518892002516659
    attacker P&L @P0 (conservation) 123742902841
  ==== econ launch=token1
    saleRate 1000000000000000000000000000000
    attacker sells launch token
    attacker TWAMM tokens sold by migration (rate*96s/2^32) 22351741790771484375000
    attacker LP liquidity 1000000000000000000000000
    quoteAmount 1000001000000000000000000
    tick at deposit 43773
    deposit out of bounds true
    locked liquidity 978351337505155169383114
    principal delta @P0 (after arbitrage back) -468667106578546055132
    creator fees @P0 213941891690946693147
    attacker P&L @P0 (conservation) 254725214887599361985
  ==== econ launch=token1
    saleRate 4000000000000000000000000000000
    attacker sells launch token
    attacker TWAMM tokens sold by migration (rate*96s/2^32) 89406967163085937500000
    attacker LP liquidity 1000000000000000000000000
    quoteAmount 1000001000000000000000000
    tick at deposit 169624
    deposit out of bounds true
    locked liquidity 918685087899466738828885
    principal delta @P0 (after arbitrage back) -6612117448667454240509
    creator fees @P0 754576227686901464043
    attacker P&L @P0 (conservation) 5857541220980552776466
  ==== econ launch=token1
    saleRate 16000000000000000000000000000000
    attacker sells launch token
    attacker TWAMM tokens sold by migration (rate*96s/2^32) 357627868652343750000000
    attacker LP liquidity 1000000000000000000000000
    quoteAmount 1000001000000000000000000
    tick at deposit 606202
    deposit out of bounds true
    locked liquidity 738524885078213190504146
    principal delta @P0 (after arbitrage back) -68369238242054776744962
    creator fees @P0 1950566955241105764112
    attacker P&L @P0 (conservation) 66418671286813670980850

[PASS] test_eku648_economics_nearBalancedPrincipalQuoteOnlyAttacker() (gas: 64701760)
Logs:
  ==== econ launch=token0
    saleRate 0
    attacker sells quote
    attacker TWAMM tokens sold by migration (rate*96s/2^32) 0
    attacker LP liquidity 100000000000000000000000
    quoteAmount 999999000000000000000000
    tick at deposit -1
    deposit out of bounds false
    locked liquidity 999999499770423255064234
    principal delta @P0 (after arbitrage back) -459153489979954
    creator fees @P0 4589259876287711
    attacker P&L @P0 (conservation) -4130106386307757
  ==== econ launch=token0
    saleRate 1000000000000000000000000000000
    attacker sells quote
    attacker TWAMM tokens sold by migration (rate*96s/2^32) 22351741790771484375000
    attacker LP liquidity 100000000000000000000000
    quoteAmount 999999000000000000000000
    tick at deposit 399801
    deposit out of bounds true
    locked liquidity 818811235301405642597176
    principal delta @P0 (after arbitrage back) -32829039364410238010104
    creator fees @P0 1498573446735623128833
    attacker P&L @P0 (conservation) 31330465917674614881271
  ==== econ launch=token0
    saleRate 4000000000000000000000000000000
    attacker sells quote
    attacker TWAMM tokens sold by migration (rate*96s/2^32) 89406967163085937500000
    attacker LP liquidity 100000000000000000000000
    quoteAmount 999999000000000000000000
    tick at deposit 1267991
    deposit out of bounds true
    locked liquidity 530467692793766154517376
    principal delta @P0 (after arbitrage back) -220459869365543826554347
    creator fees @P0 2515873573063965547335
    attacker P&L @P0 (conservation) 217943995792479861007012
  ==== econ launch=token0
    saleRate 16000000000000000000000000000000
    attacker sells quote
    attacker TWAMM tokens sold by migration (rate*96s/2^32) 357627868652343750000000
    attacker LP liquidity 100000000000000000000000
    quoteAmount 999999000000000000000000
    tick at deposit 3026078
    deposit out of bounds true
    locked liquidity 220239730836036440766420
    principal delta @P0 (after arbitrage back) -608025126331034586172884
    creator fees @P0 1734688775005773165348
    attacker P&L @P0 (conservation) 606290437556028813007536
  ==== econ launch=token0
    saleRate 0
    attacker sells quote
    attacker TWAMM tokens sold by migration (rate*96s/2^32) 0
    attacker LP liquidity 1000000000000000000000000
    quoteAmount 999999000000000000000000
    tick at deposit -1
    deposit out of bounds false
    locked liquidity 999999498740491499176650
    principal delta @P0 (after arbitrage back) -2519017001755123
    creator fees @P0 2518890739898405
    attacker P&L @P0 (conservation) 126261856718
  ==== econ launch=token0
    saleRate 1000000000000000000000000000000
    attacker sells quote
    attacker TWAMM tokens sold by migration (rate*96s/2^32) 22351741790771484375000
    attacker LP liquidity 1000000000000000000000000
    quoteAmount 999999000000000000000000
    tick at deposit 43773
    deposit out of bounds true
    locked liquidity 978350359154324046884669
    principal delta @P0 (after arbitrage back) -468666637893289256090
    creator fees @P0 213941677747936659537
    attacker P&L @P0 (conservation) 254724960145352596553
  ==== econ launch=token0
    saleRate 4000000000000000000000000000000
    attacker sells quote
    attacker TWAMM tokens sold by migration (rate*96s/2^32) 89406967163085937500000
    attacker LP liquidity 1000000000000000000000000
    quoteAmount 999999000000000000000000
    tick at deposit 169624
    deposit out of bounds true
    locked liquidity 918684169214910032739675
    principal delta @P0 (after arbitrage back) -6612110836467392437307
    creator fees @P0 754575473109955961695
    attacker P&L @P0 (conservation) 5857535363357436475612
  ==== econ launch=token0
    saleRate 16000000000000000000000000000000
    attacker sells quote
    attacker TWAMM tokens sold by migration (rate*96s/2^32) 357627868652343750000000
    attacker LP liquidity 1000000000000000000000000
    quoteAmount 999999000000000000000000
    tick at deposit 606202
    deposit out of bounds true
    locked liquidity 738524146553958548331931
    principal delta @P0 (after arbitrage back) -68369169872490622673520
    creator fees @P0 1950565004674887820867
    attacker P&L @P0 (conservation) 66418604867815734852653
  ==== econ launch=token1
    saleRate 0
    attacker sells quote
    attacker TWAMM tokens sold by migration (rate*96s/2^32) 0
    attacker LP liquidity 100000000000000000000000
    quoteAmount 999999000000000000000000
    tick at deposit 0
    deposit out of bounds false
    locked liquidity 999999499770423255041963
    principal delta @P0 (after arbitrage back) -459153490001835
    creator fees @P0 4589259876287506
    attacker P&L @P0 (conservation) -4130106386285671
  ==== econ launch=token1
    saleRate 1000000000000000000000000000000
    attacker sells quote
    attacker TWAMM tokens sold by migration (rate*96s/2^32) 22351741790771484375000
    attacker LP liquidity 100000000000000000000000
    quoteAmount 999999000000000000000000
    tick at deposit -399802
    deposit out of bounds true
    locked liquidity 818811235301405642888770
    principal delta @P0 (after arbitrage back) -32829039364410237898194
    creator fees @P0 1498573446735623127218
    attacker P&L @P0 (conservation) 31330465917674614770976
  ==== econ launch=token1
    saleRate 4000000000000000000000000000000
    attacker sells quote
    attacker TWAMM tokens sold by migration (rate*96s/2^32) 89406967163085937500000
    attacker LP liquidity 100000000000000000000000
    quoteAmount 999999000000000000000000
    tick at deposit -1267992
    deposit out of bounds true
    locked liquidity 530467692793766154805417
    principal delta @P0 (after arbitrage back) -220459869365543826279297
    creator fees @P0 2515873573063965547404
    attacker P&L @P0 (conservation) 217943995792479860731893
  ==== econ launch=token1
    saleRate 16000000000000000000000000000000
    attacker sells quote
    attacker TWAMM tokens sold by migration (rate*96s/2^32) 357627868652343750000000
    attacker LP liquidity 100000000000000000000000
    quoteAmount 999999000000000000000000
    tick at deposit -3026079
    deposit out of bounds true
    locked liquidity 220239730836036441059736
    principal delta @P0 (after arbitrage back) -608025126331034585715033
    creator fees @P0 1734688775005773167211
    attacker P&L @P0 (conservation) 606290437556028812547822
  ==== econ launch=token1
    saleRate 0
    attacker sells quote
    attacker TWAMM tokens sold by migration (rate*96s/2^32) 0
    attacker LP liquidity 1000000000000000000000000
    quoteAmount 999999000000000000000000
    tick at deposit 0
    deposit out of bounds false
    locked liquidity 999999498740491499167324
    principal delta @P0 (after arbitrage back) -2519017001755172
    creator fees @P0 2518890739898452
    attacker P&L @P0 (conservation) 126261856720
  ==== econ launch=token1
    saleRate 1000000000000000000000000000000
    attacker sells quote
    attacker TWAMM tokens sold by migration (rate*96s/2^32) 22351741790771484375000
    attacker LP liquidity 1000000000000000000000000
    quoteAmount 999999000000000000000000
    tick at deposit -43774
    deposit out of bounds true
    locked liquidity 978350359154324047038694
    principal delta @P0 (after arbitrage back) -468666637893289177847
    creator fees @P0 213941677747936658819
    attacker P&L @P0 (conservation) 254724960145352519028
  ==== econ launch=token1
    saleRate 4000000000000000000000000000000
    attacker sells quote
    attacker TWAMM tokens sold by migration (rate*96s/2^32) 89406967163085937500000
    attacker LP liquidity 1000000000000000000000000
    quoteAmount 999999000000000000000000
    tick at deposit -169625
    deposit out of bounds true
    locked liquidity 918684169214910032974460
    principal delta @P0 (after arbitrage back) -6612110836467392291081
    creator fees @P0 754575473109955960848
    attacker P&L @P0 (conservation) 5857535363357436330233
  ==== econ launch=token1
    saleRate 16000000000000000000000000000000
    attacker sells quote
    attacker TWAMM tokens sold by migration (rate*96s/2^32) 357627868652343750000000
    attacker LP liquidity 1000000000000000000000000
    quoteAmount 999999000000000000000000
    tick at deposit -606203
    deposit out of bounds true
    locked liquidity 738524146553958548581025
    principal delta @P0 (after arbitrage back) -68369169872490622441409
    creator fees @P0 1950565004674887820742
    attacker P&L @P0 (conservation) 66418604867815734620667

[FAIL: principal deposited outside immutable migration bounds: 4 != 0] test_eku648_property_everyPrincipalDepositRespectsBoundsAfterVirtualExecution() (gas: 73511129)
Logs:
  ==== case launch=token0 fund=token0 flow=none
    bounds lower(fixed) 339942254808472447293471296713251618816
    bounds upper(fixed) 340622819315459475263092339542314713088
    bounds ticks +/- 2000
   pre
    block.timestamp 1400
    twamm lastVirtualOrderExecution 1100
    sqrtRatio(fixed) 340282366920938463463374607431768211456
    tick 0
    pool liquidity 1000000000000000000054211
    own position liquidity 1000000000000000000054211
    principal reserve0 1000000000000000000000
    principal reserve1 0
    creator fee ledger0 0
    creator fee ledger1 0
    uncollected position fee0 0
    uncollected position fee1 0
   virtual-execution-only tick (counterfactual) 0
   virtual-execution-only in bounds true
   post
    block.timestamp 1400
    twamm lastVirtualOrderExecution 1400
    sqrtRatio(fixed) 340112353237120312215816012152061296640
    tick -1000
    pool liquidity 1000499875062460964877495
    own position liquidity 1000499875062460964877495
    principal reserve0 1
    principal reserve1 0
    creator fee ledger0 0
    creator fee ledger1 0
    uncollected position fee0 0
    uncollected position fee1 0
   outcome DEPOSITED_IN_BOUNDS
   incremental value delta @pre price (token1 units, + gain / - loss) -249875078070353487
  ==== case launch=token1 fund=token0 flow=none
    bounds lower(fixed) 339942254808472447293471296713251618816
    bounds upper(fixed) 340622819315459475263092339542314713088
    bounds ticks +/- 2000
   pre
    block.timestamp 1400
    twamm lastVirtualOrderExecution 1100
    sqrtRatio(fixed) 340282366920938463463374607431768211456
    tick 0
    pool liquidity 1000000000000000000054211
    own position liquidity 1000000000000000000054211
    principal reserve0 1000000000000000000000
    principal reserve1 0
    creator fee ledger0 0
    creator fee ledger1 0
    uncollected position fee0 0
    uncollected position fee1 0
   virtual-execution-only tick (counterfactual) 0
   virtual-execution-only in bounds true
   post
    block.timestamp 1400
    twamm lastVirtualOrderExecution 1400
    sqrtRatio(fixed) 340112353237120312215816012152061296640
    tick -1000
    pool liquidity 1000499875062460964877495
    own position liquidity 1000499875062460964877495
    principal reserve0 1
    principal reserve1 0
    creator fee ledger0 0
    creator fee ledger1 0
    uncollected position fee0 0
    uncollected position fee1 0
   outcome DEPOSITED_IN_BOUNDS
   incremental value delta @pre price (token1 units, + gain / - loss) -249875078070353487
  ==== case launch=token0 fund=token0 flow=sell0(down)
    bounds lower(fixed) 339942254808472447293471296713251618816
    bounds upper(fixed) 340622819315459475263092339542314713088
    bounds ticks +/- 2000
   pre
    block.timestamp 1400
    twamm lastVirtualOrderExecution 1280
    sqrtRatio(fixed) 340282366920938463463374607431768211456
    tick 0
    pool liquidity 1000000000000000000054211
    own position liquidity 1000000000000000000054211
    principal reserve0 1000000000000000000000
    principal reserve1 0
    creator fee ledger0 0
    creator fee ledger1 0
    uncollected position fee0 0
    uncollected position fee1 0
   virtual-execution-only tick (counterfactual) -11034
   virtual-execution-only in bounds false
   post
    block.timestamp 1400
    twamm lastVirtualOrderExecution 1280
    sqrtRatio(fixed) 340282366920938463463374607431768211456
    tick 0
    pool liquidity 1000000000000000000054211
    own position liquidity 1000000000000000000054211
    principal reserve0 1000000000000000000000
    principal reserve1 0
    creator fee ledger0 0
    creator fee ledger1 0
    uncollected position fee0 0
    uncollected position fee1 0
   outcome REVERTED
  0xa574a6b4
   incremental value delta @pre price (token1 units, + gain / - loss) 0
  ==== case launch=token1 fund=token0 flow=sell0(down)
    bounds lower(fixed) 339942254808472447293471296713251618816
    bounds upper(fixed) 340622819315459475263092339542314713088
    bounds ticks +/- 2000
   pre
    block.timestamp 1400
    twamm lastVirtualOrderExecution 1280
    sqrtRatio(fixed) 340282366920938463463374607431768211456
    tick 0
    pool liquidity 1000000000000000000054211
    own position liquidity 1000000000000000000054211
    principal reserve0 1000000000000000000000
    principal reserve1 0
    creator fee ledger0 0
    creator fee ledger1 0
    uncollected position fee0 0
    uncollected position fee1 0
   virtual-execution-only tick (counterfactual) -11034
   virtual-execution-only in bounds false
   post
    block.timestamp 1400
    twamm lastVirtualOrderExecution 1280
    sqrtRatio(fixed) 340282366920938463463374607431768211456
    tick 0
    pool liquidity 1000000000000000000054211
    own position liquidity 1000000000000000000054211
    principal reserve0 1000000000000000000000
    principal reserve1 0
    creator fee ledger0 0
    creator fee ledger1 0
    uncollected position fee0 0
    uncollected position fee1 0
   outcome REVERTED
  0xa574a6b4
   incremental value delta @pre price (token1 units, + gain / - loss) 0
  ==== case launch=token0 fund=token0 flow=sell1(up)
    bounds lower(fixed) 339942254808472447293471296713251618816
    bounds upper(fixed) 340622819315459475263092339542314713088
    bounds ticks +/- 2000
   pre
    block.timestamp 1400
    twamm lastVirtualOrderExecution 1280
    sqrtRatio(fixed) 340282366920938463463374607431768211456
    tick 0
    pool liquidity 1000000000000000000054211
    own position liquidity 1000000000000000000054211
    principal reserve0 1000000000000000000000
    principal reserve1 0
    creator fee ledger0 0
    creator fee ledger1 0
    uncollected position fee0 0
    uncollected position fee1 0
   virtual-execution-only tick (counterfactual) 11033
   virtual-execution-only in bounds false
   post
    block.timestamp 1400
    twamm lastVirtualOrderExecution 1400
    sqrtRatio(fixed) 341992928600072301907794628092106899456
    tick 10028
    pool liquidity 1000502639010074366585723
    own position liquidity 1000502639010074366585723
    principal reserve0 0
    principal reserve1 1396255446870578
    creator fee ledger0 0
    creator fee ledger1 55879354476928710889
    uncollected position fee0 0
    uncollected position fee1 0
   outcome DEPOSITED_OUT_OF_BOUNDS
   incremental value delta @pre price (token1 units, + gain / - loss) 5279416404179933546
  ==== case launch=token1 fund=token0 flow=sell1(up)
    bounds lower(fixed) 339942254808472447293471296713251618816
    bounds upper(fixed) 340622819315459475263092339542314713088
    bounds ticks +/- 2000
   pre
    block.timestamp 1400
    twamm lastVirtualOrderExecution 1280
    sqrtRatio(fixed) 340282366920938463463374607431768211456
    tick 0
    pool liquidity 1000000000000000000054211
    own position liquidity 1000000000000000000054211
    principal reserve0 1000000000000000000000
    principal reserve1 0
    creator fee ledger0 0
    creator fee ledger1 0
    uncollected position fee0 0
    uncollected position fee1 0
   virtual-execution-only tick (counterfactual) 11033
   virtual-execution-only in bounds false
   post
    block.timestamp 1400
    twamm lastVirtualOrderExecution 1400
    sqrtRatio(fixed) 341992928600072301907794628092106899456
    tick 10028
    pool liquidity 1000502639010074366585723
    own position liquidity 1000502639010074366585723
    principal reserve0 0
    principal reserve1 1396255446870578
    creator fee ledger0 0
    creator fee ledger1 55879354476928710889
    uncollected position fee0 0
    uncollected position fee1 0
   outcome DEPOSITED_OUT_OF_BOUNDS
   incremental value delta @pre price (token1 units, + gain / - loss) 5279416404179933546
  ==== case launch=token0 fund=token1 flow=none
    bounds lower(fixed) 339942254808472447293471296713251618816
    bounds upper(fixed) 340622819315459475263092339542314713088
    bounds ticks +/- 2000
   pre
    block.timestamp 1400
    twamm lastVirtualOrderExecution 1100
    sqrtRatio(fixed) 340282366920938463463374607431768211456
    tick 0
    pool liquidity 1000000000000000000054211
    own position liquidity 1000000000000000000054211
    principal reserve0 0
    principal reserve1 1000000000000000000000
    creator fee ledger0 0
    creator fee ledger1 0
    uncollected position fee0 0
    uncollected position fee1 0
   virtual-execution-only tick (counterfactual) 0
   virtual-execution-only in bounds true
   post
    block.timestamp 1400
    twamm lastVirtualOrderExecution 1400
    sqrtRatio(fixed) 340452465590357432550053694616991956992
    tick 999
    pool liquidity 1000499875062460964812722
    own position liquidity 1000499875062460964812722
    principal reserve0 129481
    principal reserve1 0
    creator fee ledger0 0
    creator fee ledger1 0
    uncollected position fee0 0
    uncollected position fee1 0
   outcome DEPOSITED_IN_BOUNDS
   incremental value delta @pre price (token1 units, + gain / - loss) -249875078070353553
  ==== case launch=token1 fund=token1 flow=none
    bounds lower(fixed) 339942254808472447293471296713251618816
    bounds upper(fixed) 340622819315459475263092339542314713088
    bounds ticks +/- 2000
   pre
    block.timestamp 1400
    twamm lastVirtualOrderExecution 1100
    sqrtRatio(fixed) 340282366920938463463374607431768211456
    tick 0
    pool liquidity 1000000000000000000054211
    own position liquidity 1000000000000000000054211
    principal reserve0 0
    principal reserve1 1000000000000000000000
    creator fee ledger0 0
    creator fee ledger1 0
    uncollected position fee0 0
    uncollected position fee1 0
   virtual-execution-only tick (counterfactual) 0
   virtual-execution-only in bounds true
   post
    block.timestamp 1400
    twamm lastVirtualOrderExecution 1400
    sqrtRatio(fixed) 340452465590357432550053694616991956992
    tick 999
    pool liquidity 1000499875062460964812722
    own position liquidity 1000499875062460964812722
    principal reserve0 129481
    principal reserve1 0
    creator fee ledger0 0
    creator fee ledger1 0
    uncollected position fee0 0
    uncollected position fee1 0
   outcome DEPOSITED_IN_BOUNDS
   incremental value delta @pre price (token1 units, + gain / - loss) -249875078070353553
  ==== case launch=token0 fund=token1 flow=sell0(down)
    bounds lower(fixed) 339942254808472447293471296713251618816
    bounds upper(fixed) 340622819315459475263092339542314713088
    bounds ticks +/- 2000
   pre
    block.timestamp 1400
    twamm lastVirtualOrderExecution 1280
    sqrtRatio(fixed) 340282366920938463463374607431768211456
    tick 0
    pool liquidity 1000000000000000000054211
    own position liquidity 1000000000000000000054211
    principal reserve0 0
    principal reserve1 1000000000000000000000
    creator fee ledger0 0
    creator fee ledger1 0
    uncollected position fee0 0
    uncollected position fee1 0
   virtual-execution-only tick (counterfactual) -11034
   virtual-execution-only in bounds false
   post
    block.timestamp 1400
    twamm lastVirtualOrderExecution 1400
    sqrtRatio(fixed) 338580361036423240847961609997058572288
    tick -10029
    pool liquidity 1000502639010074366520670
    own position liquidity 1000502639010074366520670
    principal reserve0 1396255447058509
    principal reserve1 0
    creator fee ledger0 55879354476928710889
    creator fee ledger1 0
    uncollected position fee0 0
    uncollected position fee1 0
   outcome DEPOSITED_OUT_OF_BOUNDS
   incremental value delta @pre price (token1 units, + gain / - loss) 5279416404179991371
  ==== case launch=token1 fund=token1 flow=sell0(down)
    bounds lower(fixed) 339942254808472447293471296713251618816
    bounds upper(fixed) 340622819315459475263092339542314713088
    bounds ticks +/- 2000
   pre
    block.timestamp 1400
    twamm lastVirtualOrderExecution 1280
    sqrtRatio(fixed) 340282366920938463463374607431768211456
    tick 0
    pool liquidity 1000000000000000000054211
    own position liquidity 1000000000000000000054211
    principal reserve0 0
    principal reserve1 1000000000000000000000
    creator fee ledger0 0
    creator fee ledger1 0
    uncollected position fee0 0
    uncollected position fee1 0
   virtual-execution-only tick (counterfactual) -11034
   virtual-execution-only in bounds false
   post
    block.timestamp 1400
    twamm lastVirtualOrderExecution 1400
    sqrtRatio(fixed) 338580361036423240847961609997058572288
    tick -10029
    pool liquidity 1000502639010074366520670
    own position liquidity 1000502639010074366520670
    principal reserve0 1396255447058509
    principal reserve1 0
    creator fee ledger0 55879354476928710889
    creator fee ledger1 0
    uncollected position fee0 0
    uncollected position fee1 0
   outcome DEPOSITED_OUT_OF_BOUNDS
   incremental value delta @pre price (token1 units, + gain / - loss) 5279416404179991371
  ==== case launch=token0 fund=token1 flow=sell1(up)
    bounds lower(fixed) 339942254808472447293471296713251618816
    bounds upper(fixed) 340622819315459475263092339542314713088
    bounds ticks +/- 2000
   pre
    block.timestamp 1400
    twamm lastVirtualOrderExecution 1280
    sqrtRatio(fixed) 340282366920938463463374607431768211456
    tick 0
    pool liquidity 1000000000000000000054211
    own position liquidity 1000000000000000000054211
    principal reserve0 0
    principal reserve1 1000000000000000000000
    creator fee ledger0 0
    creator fee ledger1 0
    uncollected position fee0 0
    uncollected position fee1 0
   virtual-execution-only tick (counterfactual) 11033
   virtual-execution-only in bounds false
   post
    block.timestamp 1400
    twamm lastVirtualOrderExecution 1280
    sqrtRatio(fixed) 340282366920938463463374607431768211456
    tick 0
    pool liquidity 1000000000000000000054211
    own position liquidity 1000000000000000000054211
    principal reserve0 0
    principal reserve1 1000000000000000000000
    creator fee ledger0 0
    creator fee ledger1 0
    uncollected position fee0 0
    uncollected position fee1 0
   outcome REVERTED
  0xa574a6b4
   incremental value delta @pre price (token1 units, + gain / - loss) 0
  ==== case launch=token1 fund=token1 flow=sell1(up)
    bounds lower(fixed) 339942254808472447293471296713251618816
    bounds upper(fixed) 340622819315459475263092339542314713088
    bounds ticks +/- 2000
   pre
    block.timestamp 1400
    twamm lastVirtualOrderExecution 1280
    sqrtRatio(fixed) 340282366920938463463374607431768211456
    tick 0
    pool liquidity 1000000000000000000054211
    own position liquidity 1000000000000000000054211
    principal reserve0 0
    principal reserve1 1000000000000000000000
    creator fee ledger0 0
    creator fee ledger1 0
    uncollected position fee0 0
    uncollected position fee1 0
   virtual-execution-only tick (counterfactual) 11033
   virtual-execution-only in bounds false
   post
    block.timestamp 1400
    twamm lastVirtualOrderExecution 1280
    sqrtRatio(fixed) 340282366920938463463374607431768211456
    tick 0
    pool liquidity 1000000000000000000054211
    own position liquidity 1000000000000000000054211
    principal reserve0 0
    principal reserve1 1000000000000000000000
    creator fee ledger0 0
    creator fee ledger1 0
    uncollected position fee0 0
    uncollected position fee1 0
   outcome REVERTED
  0xa574a6b4
   incremental value delta @pre price (token1 units, + gain / - loss) 0
  ==== case launch=token0 fund=balanced flow=none
    bounds lower(fixed) 339942254808472447293471296713251618816
    bounds upper(fixed) 340622819315459475263092339542314713088
    bounds ticks +/- 2000
   pre
    block.timestamp 1400
    twamm lastVirtualOrderExecution 1100
    sqrtRatio(fixed) 340282366920938463463374607431768211456
    tick 0
    pool liquidity 1000000000000000000054211
    own position liquidity 1000000000000000000054211
    principal reserve0 999999999999999999946
    principal reserve1 999999999999999999946
    creator fee ledger0 0
    creator fee ledger1 0
    uncollected position fee0 0
    uncollected position fee1 0
   virtual-execution-only tick (counterfactual) 0
   virtual-execution-only in bounds true
   post
    block.timestamp 1400
    twamm lastVirtualOrderExecution 1400
    sqrtRatio(fixed) 340282366920938463463374607431768211456
    tick 0
    pool liquidity 1001000000000000000054211
    own position liquidity 1001000000000000000054211
    principal reserve0 0
    principal reserve1 0
    creator fee ledger0 0
    creator fee ledger1 0
    uncollected position fee0 0
    uncollected position fee1 0
   outcome DEPOSITED_IN_BOUNDS
   incremental value delta @pre price (token1 units, + gain / - loss) -2
  ==== case launch=token1 fund=balanced flow=none
    bounds lower(fixed) 339942254808472447293471296713251618816
    bounds upper(fixed) 340622819315459475263092339542314713088
    bounds ticks +/- 2000
   pre
    block.timestamp 1400
    twamm lastVirtualOrderExecution 1100
    sqrtRatio(fixed) 340282366920938463463374607431768211456
    tick 0
    pool liquidity 1000000000000000000054211
    own position liquidity 1000000000000000000054211
    principal reserve0 999999999999999999946
    principal reserve1 999999999999999999946
    creator fee ledger0 0
    creator fee ledger1 0
    uncollected position fee0 0
    uncollected position fee1 0
   virtual-execution-only tick (counterfactual) 0
   virtual-execution-only in bounds true
   post
    block.timestamp 1400
    twamm lastVirtualOrderExecution 1400
    sqrtRatio(fixed) 340282366920938463463374607431768211456
    tick 0
    pool liquidity 1001000000000000000054211
    own position liquidity 1001000000000000000054211
    principal reserve0 0
    principal reserve1 0
    creator fee ledger0 0
    creator fee ledger1 0
    uncollected position fee0 0
    uncollected position fee1 0
   outcome DEPOSITED_IN_BOUNDS
   incremental value delta @pre price (token1 units, + gain / - loss) -2
  ==== case launch=token0 fund=balanced flow=sell0(down)
    bounds lower(fixed) 339942254808472447293471296713251618816
    bounds upper(fixed) 340622819315459475263092339542314713088
    bounds ticks +/- 2000
   pre
    block.timestamp 1400
    twamm lastVirtualOrderExecution 1280
    sqrtRatio(fixed) 340282366920938463463374607431768211456
    tick 0
    pool liquidity 1000000000000000000054211
    own position liquidity 1000000000000000000054211
    principal reserve0 999999999999999999946
    principal reserve1 999999999999999999946
    creator fee ledger0 0
    creator fee ledger1 0
    uncollected position fee0 0
    uncollected position fee1 0
   virtual-execution-only tick (counterfactual) -11034
   virtual-execution-only in bounds false
   post
    block.timestamp 1400
    twamm lastVirtualOrderExecution 1280
    sqrtRatio(fixed) 340282366920938463463374607431768211456
    tick 0
    pool liquidity 1000000000000000000054211
    own position liquidity 1000000000000000000054211
    principal reserve0 999999999999999999946
    principal reserve1 999999999999999999946
    creator fee ledger0 0
    creator fee ledger1 0
    uncollected position fee0 0
    uncollected position fee1 0
   outcome REVERTED
  0x1293d6fa
   incremental value delta @pre price (token1 units, + gain / - loss) 0
  ==== case launch=token1 fund=balanced flow=sell0(down)
    bounds lower(fixed) 339942254808472447293471296713251618816
    bounds upper(fixed) 340622819315459475263092339542314713088
    bounds ticks +/- 2000
   pre
    block.timestamp 1400
    twamm lastVirtualOrderExecution 1280
    sqrtRatio(fixed) 340282366920938463463374607431768211456
    tick 0
    pool liquidity 1000000000000000000054211
    own position liquidity 1000000000000000000054211
    principal reserve0 999999999999999999946
    principal reserve1 999999999999999999946
    creator fee ledger0 0
    creator fee ledger1 0
    uncollected position fee0 0
    uncollected position fee1 0
   virtual-execution-only tick (counterfactual) -11034
   virtual-execution-only in bounds false
   post
    block.timestamp 1400
    twamm lastVirtualOrderExecution 1280
    sqrtRatio(fixed) 340282366920938463463374607431768211456
    tick 0
    pool liquidity 1000000000000000000054211
    own position liquidity 1000000000000000000054211
    principal reserve0 999999999999999999946
    principal reserve1 999999999999999999946
    creator fee ledger0 0
    creator fee ledger1 0
    uncollected position fee0 0
    uncollected position fee1 0
   outcome REVERTED
  0x1293d6fa
   incremental value delta @pre price (token1 units, + gain / - loss) 0
  ==== case launch=token0 fund=balanced flow=sell1(up)
    bounds lower(fixed) 339942254808472447293471296713251618816
    bounds upper(fixed) 340622819315459475263092339542314713088
    bounds ticks +/- 2000
   pre
    block.timestamp 1400
    twamm lastVirtualOrderExecution 1280
    sqrtRatio(fixed) 340282366920938463463374607431768211456
    tick 0
    pool liquidity 1000000000000000000054211
    own position liquidity 1000000000000000000054211
    principal reserve0 999999999999999999946
    principal reserve1 999999999999999999946
    creator fee ledger0 0
    creator fee ledger1 0
    uncollected position fee0 0
    uncollected position fee1 0
   virtual-execution-only tick (counterfactual) 11033
   virtual-execution-only in bounds false
   post
    block.timestamp 1400
    twamm lastVirtualOrderExecution 1280
    sqrtRatio(fixed) 340282366920938463463374607431768211456
    tick 0
    pool liquidity 1000000000000000000054211
    own position liquidity 1000000000000000000054211
    principal reserve0 999999999999999999946
    principal reserve1 999999999999999999946
    creator fee ledger0 0
    creator fee ledger1 0
    uncollected position fee0 0
    uncollected position fee1 0
   outcome REVERTED
  0x1293d6fa
   incremental value delta @pre price (token1 units, + gain / - loss) 0
  ==== case launch=token1 fund=balanced flow=sell1(up)
    bounds lower(fixed) 339942254808472447293471296713251618816
    bounds upper(fixed) 340622819315459475263092339542314713088
    bounds ticks +/- 2000
   pre
    block.timestamp 1400
    twamm lastVirtualOrderExecution 1280
    sqrtRatio(fixed) 340282366920938463463374607431768211456
    tick 0
    pool liquidity 1000000000000000000054211
    own position liquidity 1000000000000000000054211
    principal reserve0 999999999999999999946
    principal reserve1 999999999999999999946
    creator fee ledger0 0
    creator fee ledger1 0
    uncollected position fee0 0
    uncollected position fee1 0
   virtual-execution-only tick (counterfactual) 11033
   virtual-execution-only in bounds false
   post
    block.timestamp 1400
    twamm lastVirtualOrderExecution 1280
    sqrtRatio(fixed) 340282366920938463463374607431768211456
    tick 0
    pool liquidity 1000000000000000000054211
    own position liquidity 1000000000000000000054211
    principal reserve0 999999999999999999946
    principal reserve1 999999999999999999946
    creator fee ledger0 0
    creator fee ledger1 0
    uncollected position fee0 0
    uncollected position fee1 0
   outcome REVERTED
  0x1293d6fa
   incremental value delta @pre price (token1 units, + gain / - loss) 0
  matrix cases 18
  out-of-bounds principal deposits 4
  reverts (liveness) 8

[PASS] test_eku648_recovery_executeVirtualOrdersThenMigrateDefers() (gas: 7141286)
[PASS] test_eku648_witness_advanceRevertsWithPendingFlowThenRecovers() (gas: 8838091)
Logs:
  advance reverted with pending flow; stale tick 0
  after executing virtual orders, advance completed; tick 8831
  locked liquidity 0
  advance reverted with pending flow; stale tick 0
  after executing virtual orders, advance completed; tick 8831
  locked liquidity 0

[PASS] test_eku648_witness_balancedPendingFlowRevertsDeposit() (gas: 17631402)
Logs:
  ==== case launch=token0 fund=balanced flow=sell0(down)
    bounds lower(fixed) 339942254808472447293471296713251618816
    bounds upper(fixed) 340622819315459475263092339542314713088
    bounds ticks +/- 2000
   pre
    block.timestamp 1400
    twamm lastVirtualOrderExecution 1280
    sqrtRatio(fixed) 340282366920938463463374607431768211456
    tick 0
    pool liquidity 1000000000000000000054211
    own position liquidity 1000000000000000000054211
    principal reserve0 999999999999999999946
    principal reserve1 999999999999999999946
    creator fee ledger0 0
    creator fee ledger1 0
    uncollected position fee0 0
    uncollected position fee1 0
   virtual-execution-only tick (counterfactual) -11034
   virtual-execution-only in bounds false
   post
    block.timestamp 1400
    twamm lastVirtualOrderExecution 1280
    sqrtRatio(fixed) 340282366920938463463374607431768211456
    tick 0
    pool liquidity 1000000000000000000054211
    own position liquidity 1000000000000000000054211
    principal reserve0 999999999999999999946
    principal reserve1 999999999999999999946
    creator fee ledger0 0
    creator fee ledger1 0
    uncollected position fee0 0
    uncollected position fee1 0
   outcome REVERTED
  0x1293d6fa
   incremental value delta @pre price (token1 units, + gain / - loss) 0
  ==== case launch=token1 fund=balanced flow=sell0(down)
    bounds lower(fixed) 339942254808472447293471296713251618816
    bounds upper(fixed) 340622819315459475263092339542314713088
    bounds ticks +/- 2000
   pre
    block.timestamp 1400
    twamm lastVirtualOrderExecution 1280
    sqrtRatio(fixed) 340282366920938463463374607431768211456
    tick 0
    pool liquidity 1000000000000000000054211
    own position liquidity 1000000000000000000054211
    principal reserve0 999999999999999999946
    principal reserve1 999999999999999999946
    creator fee ledger0 0
    creator fee ledger1 0
    uncollected position fee0 0
    uncollected position fee1 0
   virtual-execution-only tick (counterfactual) -11034
   virtual-execution-only in bounds false
   post
    block.timestamp 1400
    twamm lastVirtualOrderExecution 1280
    sqrtRatio(fixed) 340282366920938463463374607431768211456
    tick 0
    pool liquidity 1000000000000000000054211
    own position liquidity 1000000000000000000054211
    principal reserve0 999999999999999999946
    principal reserve1 999999999999999999946
    creator fee ledger0 0
    creator fee ledger1 0
    uncollected position fee0 0
    uncollected position fee1 0
   outcome REVERTED
  0x1293d6fa
   incremental value delta @pre price (token1 units, + gain / - loss) 0
  ==== case launch=token0 fund=balanced flow=sell1(up)
    bounds lower(fixed) 339942254808472447293471296713251618816
    bounds upper(fixed) 340622819315459475263092339542314713088
    bounds ticks +/- 2000
   pre
    block.timestamp 1400
    twamm lastVirtualOrderExecution 1280
    sqrtRatio(fixed) 340282366920938463463374607431768211456
    tick 0
    pool liquidity 1000000000000000000054211
    own position liquidity 1000000000000000000054211
    principal reserve0 999999999999999999946
    principal reserve1 999999999999999999946
    creator fee ledger0 0
    creator fee ledger1 0
    uncollected position fee0 0
    uncollected position fee1 0
   virtual-execution-only tick (counterfactual) 11033
   virtual-execution-only in bounds false
   post
    block.timestamp 1400
    twamm lastVirtualOrderExecution 1280
    sqrtRatio(fixed) 340282366920938463463374607431768211456
    tick 0
    pool liquidity 1000000000000000000054211
    own position liquidity 1000000000000000000054211
    principal reserve0 999999999999999999946
    principal reserve1 999999999999999999946
    creator fee ledger0 0
    creator fee ledger1 0
    uncollected position fee0 0
    uncollected position fee1 0
   outcome REVERTED
  0x1293d6fa
   incremental value delta @pre price (token1 units, + gain / - loss) 0
  ==== case launch=token1 fund=balanced flow=sell1(up)
    bounds lower(fixed) 339942254808472447293471296713251618816
    bounds upper(fixed) 340622819315459475263092339542314713088
    bounds ticks +/- 2000
   pre
    block.timestamp 1400
    twamm lastVirtualOrderExecution 1280
    sqrtRatio(fixed) 340282366920938463463374607431768211456
    tick 0
    pool liquidity 1000000000000000000054211
    own position liquidity 1000000000000000000054211
    principal reserve0 999999999999999999946
    principal reserve1 999999999999999999946
    creator fee ledger0 0
    creator fee ledger1 0
    uncollected position fee0 0
    uncollected position fee1 0
   virtual-execution-only tick (counterfactual) 11033
   virtual-execution-only in bounds false
   post
    block.timestamp 1400
    twamm lastVirtualOrderExecution 1280
    sqrtRatio(fixed) 340282366920938463463374607431768211456
    tick 0
    pool liquidity 1000000000000000000054211
    own position liquidity 1000000000000000000054211
    principal reserve0 999999999999999999946
    principal reserve1 999999999999999999946
    creator fee ledger0 0
    creator fee ledger1 0
    uncollected position fee0 0
    uncollected position fee1 0
   outcome REVERTED
  0x1293d6fa
   incremental value delta @pre price (token1 units, + gain / - loss) 0

[PASS] test_eku648_witness_crossingFlowDepositsPrincipalOutsideBounds() (gas: 16659569)
Logs:
  ==== case launch=token0 fund=token1 flow=sell0(down)
    bounds lower(fixed) 339942254808472447293471296713251618816
    bounds upper(fixed) 340622819315459475263092339542314713088
    bounds ticks +/- 2000
   pre
    block.timestamp 1400
    twamm lastVirtualOrderExecution 1280
    sqrtRatio(fixed) 340282366920938463463374607431768211456
    tick 0
    pool liquidity 1000000000000000000054211
    own position liquidity 1000000000000000000054211
    principal reserve0 0
    principal reserve1 1000000000000000000000
    creator fee ledger0 0
    creator fee ledger1 0
    uncollected position fee0 0
    uncollected position fee1 0
   virtual-execution-only tick (counterfactual) -11034
   virtual-execution-only in bounds false
   post
    block.timestamp 1400
    twamm lastVirtualOrderExecution 1400
    sqrtRatio(fixed) 338580361036423240847961609997058572288
    tick -10029
    pool liquidity 1000502639010074366520670
    own position liquidity 1000502639010074366520670
    principal reserve0 1396255447058509
    principal reserve1 0
    creator fee ledger0 55879354476928710889
    creator fee ledger1 0
    uncollected position fee0 0
    uncollected position fee1 0
   outcome DEPOSITED_OUT_OF_BOUNDS
   incremental value delta @pre price (token1 units, + gain / - loss) 5279416404179991371
  ==== case launch=token1 fund=token1 flow=sell0(down)
    bounds lower(fixed) 339942254808472447293471296713251618816
    bounds upper(fixed) 340622819315459475263092339542314713088
    bounds ticks +/- 2000
   pre
    block.timestamp 1400
    twamm lastVirtualOrderExecution 1280
    sqrtRatio(fixed) 340282366920938463463374607431768211456
    tick 0
    pool liquidity 1000000000000000000054211
    own position liquidity 1000000000000000000054211
    principal reserve0 0
    principal reserve1 1000000000000000000000
    creator fee ledger0 0
    creator fee ledger1 0
    uncollected position fee0 0
    uncollected position fee1 0
   virtual-execution-only tick (counterfactual) -11034
   virtual-execution-only in bounds false
   post
    block.timestamp 1400
    twamm lastVirtualOrderExecution 1400
    sqrtRatio(fixed) 338580361036423240847961609997058572288
    tick -10029
    pool liquidity 1000502639010074366520670
    own position liquidity 1000502639010074366520670
    principal reserve0 1396255447058509
    principal reserve1 0
    creator fee ledger0 55879354476928710889
    creator fee ledger1 0
    uncollected position fee0 0
    uncollected position fee1 0
   outcome DEPOSITED_OUT_OF_BOUNDS
   incremental value delta @pre price (token1 units, + gain / - loss) 5279416404179991371
  ==== case launch=token0 fund=token0 flow=sell1(up)
    bounds lower(fixed) 339942254808472447293471296713251618816
    bounds upper(fixed) 340622819315459475263092339542314713088
    bounds ticks +/- 2000
   pre
    block.timestamp 1400
    twamm lastVirtualOrderExecution 1280
    sqrtRatio(fixed) 340282366920938463463374607431768211456
    tick 0
    pool liquidity 1000000000000000000054211
    own position liquidity 1000000000000000000054211
    principal reserve0 1000000000000000000000
    principal reserve1 0
    creator fee ledger0 0
    creator fee ledger1 0
    uncollected position fee0 0
    uncollected position fee1 0
   virtual-execution-only tick (counterfactual) 11033
   virtual-execution-only in bounds false
   post
    block.timestamp 1400
    twamm lastVirtualOrderExecution 1400
    sqrtRatio(fixed) 341992928600072301907794628092106899456
    tick 10028
    pool liquidity 1000502639010074366585723
    own position liquidity 1000502639010074366585723
    principal reserve0 0
    principal reserve1 1396255446870578
    creator fee ledger0 0
    creator fee ledger1 55879354476928710889
    uncollected position fee0 0
    uncollected position fee1 0
   outcome DEPOSITED_OUT_OF_BOUNDS
   incremental value delta @pre price (token1 units, + gain / - loss) 5279416404179933546
  ==== case launch=token1 fund=token0 flow=sell1(up)
    bounds lower(fixed) 339942254808472447293471296713251618816
    bounds upper(fixed) 340622819315459475263092339542314713088
    bounds ticks +/- 2000
   pre
    block.timestamp 1400
    twamm lastVirtualOrderExecution 1280
    sqrtRatio(fixed) 340282366920938463463374607431768211456
    tick 0
    pool liquidity 1000000000000000000054211
    own position liquidity 1000000000000000000054211
    principal reserve0 1000000000000000000000
    principal reserve1 0
    creator fee ledger0 0
    creator fee ledger1 0
    uncollected position fee0 0
    uncollected position fee1 0
   virtual-execution-only tick (counterfactual) 11033
   virtual-execution-only in bounds false
   post
    block.timestamp 1400
    twamm lastVirtualOrderExecution 1400
    sqrtRatio(fixed) 341992928600072301907794628092106899456
    tick 10028
    pool liquidity 1000502639010074366585723
    own position liquidity 1000502639010074366585723
    principal reserve0 0
    principal reserve1 1396255446870578
    creator fee ledger0 0
    creator fee ledger1 55879354476928710889
    uncollected position fee0 0
    uncollected position fee1 0
   outcome DEPOSITED_OUT_OF_BOUNDS
   incremental value delta @pre price (token1 units, + gain / - loss) 5279416404179933546

[PASS] test_eku648_witness_sameDirectionFlowRevertsMigration() (gas: 16422379)
Logs:
  ==== case launch=token0 fund=token1 flow=sell1(up)
    bounds lower(fixed) 339942254808472447293471296713251618816
    bounds upper(fixed) 340622819315459475263092339542314713088
    bounds ticks +/- 2000
   pre
    block.timestamp 1400
    twamm lastVirtualOrderExecution 1280
    sqrtRatio(fixed) 340282366920938463463374607431768211456
    tick 0
    pool liquidity 1000000000000000000054211
    own position liquidity 1000000000000000000054211
    principal reserve0 0
    principal reserve1 1000000000000000000000
    creator fee ledger0 0
    creator fee ledger1 0
    uncollected position fee0 0
    uncollected position fee1 0
   virtual-execution-only tick (counterfactual) 11033
   virtual-execution-only in bounds false
   post
    block.timestamp 1400
    twamm lastVirtualOrderExecution 1280
    sqrtRatio(fixed) 340282366920938463463374607431768211456
    tick 0
    pool liquidity 1000000000000000000054211
    own position liquidity 1000000000000000000054211
    principal reserve0 0
    principal reserve1 1000000000000000000000
    creator fee ledger0 0
    creator fee ledger1 0
    uncollected position fee0 0
    uncollected position fee1 0
   outcome REVERTED
  0xa574a6b4
   incremental value delta @pre price (token1 units, + gain / - loss) 0
  ==== case launch=token1 fund=token1 flow=sell1(up)
    bounds lower(fixed) 339942254808472447293471296713251618816
    bounds upper(fixed) 340622819315459475263092339542314713088
    bounds ticks +/- 2000
   pre
    block.timestamp 1400
    twamm lastVirtualOrderExecution 1280
    sqrtRatio(fixed) 340282366920938463463374607431768211456
    tick 0
    pool liquidity 1000000000000000000054211
    own position liquidity 1000000000000000000054211
    principal reserve0 0
    principal reserve1 1000000000000000000000
    creator fee ledger0 0
    creator fee ledger1 0
    uncollected position fee0 0
    uncollected position fee1 0
   virtual-execution-only tick (counterfactual) 11033
   virtual-execution-only in bounds false
   post
    block.timestamp 1400
    twamm lastVirtualOrderExecution 1280
    sqrtRatio(fixed) 340282366920938463463374607431768211456
    tick 0
    pool liquidity 1000000000000000000054211
    own position liquidity 1000000000000000000054211
    principal reserve0 0
    principal reserve1 1000000000000000000000
    creator fee ledger0 0
    creator fee ledger1 0
    uncollected position fee0 0
    uncollected position fee1 0
   outcome REVERTED
  0xa574a6b4
   incremental value delta @pre price (token1 units, + gain / - loss) 0
  ==== case launch=token0 fund=token0 flow=sell0(down)
    bounds lower(fixed) 339942254808472447293471296713251618816
    bounds upper(fixed) 340622819315459475263092339542314713088
    bounds ticks +/- 2000
   pre
    block.timestamp 1400
    twamm lastVirtualOrderExecution 1280
    sqrtRatio(fixed) 340282366920938463463374607431768211456
    tick 0
    pool liquidity 1000000000000000000054211
    own position liquidity 1000000000000000000054211
    principal reserve0 1000000000000000000000
    principal reserve1 0
    creator fee ledger0 0
    creator fee ledger1 0
    uncollected position fee0 0
    uncollected position fee1 0
   virtual-execution-only tick (counterfactual) -11034
   virtual-execution-only in bounds false
   post
    block.timestamp 1400
    twamm lastVirtualOrderExecution 1280
    sqrtRatio(fixed) 340282366920938463463374607431768211456
    tick 0
    pool liquidity 1000000000000000000054211
    own position liquidity 1000000000000000000054211
    principal reserve0 1000000000000000000000
    principal reserve1 0
    creator fee ledger0 0
    creator fee ledger1 0
    uncollected position fee0 0
    uncollected position fee1 0
   outcome REVERTED
  0xa574a6b4
   incremental value delta @pre price (token1 units, + gain / - loss) 0
  ==== case launch=token1 fund=token0 flow=sell0(down)
    bounds lower(fixed) 339942254808472447293471296713251618816
    bounds upper(fixed) 340622819315459475263092339542314713088
    bounds ticks +/- 2000
   pre
    block.timestamp 1400
    twamm lastVirtualOrderExecution 1280
    sqrtRatio(fixed) 340282366920938463463374607431768211456
    tick 0
    pool liquidity 1000000000000000000054211
    own position liquidity 1000000000000000000054211
    principal reserve0 1000000000000000000000
    principal reserve1 0
    creator fee ledger0 0
    creator fee ledger1 0
    uncollected position fee0 0
    uncollected position fee1 0
   virtual-execution-only tick (counterfactual) -11034
   virtual-execution-only in bounds false
   post
    block.timestamp 1400
    twamm lastVirtualOrderExecution 1280
    sqrtRatio(fixed) 340282366920938463463374607431768211456
    tick 0
    pool liquidity 1000000000000000000054211
    own position liquidity 1000000000000000000054211
    principal reserve0 1000000000000000000000
    principal reserve1 0
    creator fee ledger0 0
    creator fee ledger1 0
    uncollected position fee0 0
    uncollected position fee1 0
   outcome REVERTED
  0xa574a6b4
   incremental value delta @pre price (token1 units, + gain / - loss) 0

Suite result: FAILED. 9 passed; 1 failed; 0 skipped; finished in 70.91ms (297.73ms CPU time)

Ran 1 test suite in 74.03ms (70.91ms CPU time): 9 tests passed, 1 failed, 0 skipped (10 total tests)

Failing tests:
Encountered 1 failing test in test/extensions/ScheduledLaunchTwammBounds.t.sol:ScheduledLaunchTwammBoundsTest
[FAIL: principal deposited outside immutable migration bounds: 4 != 0] test_eku648_property_everyPrincipalDepositRespectsBoundsAfterVirtualExecution() (gas: 73511129)

Encountered a total of 1 failing tests, 9 tests succeeded

Tip: Run `forge test --rerun` to retry only the 1 failed test
Tip: Run `forge test --debug --match-test <TEST_NAME>` to inspect one failing test in the debugger
